[2024-12-03T16:08:45.358+0000] {taskinstance.py:1165} INFO - Dependencies all met for <TaskInstance: weather_pipeline.fetch_weather scheduled__2023-11-12T00:00:00+00:00 [queued]>
[2024-12-03T16:08:45.390+0000] {taskinstance.py:1165} INFO - Dependencies all met for <TaskInstance: weather_pipeline.fetch_weather scheduled__2023-11-12T00:00:00+00:00 [queued]>
[2024-12-03T16:08:45.392+0000] {taskinstance.py:1362} INFO - 
--------------------------------------------------------------------------------
[2024-12-03T16:08:45.393+0000] {taskinstance.py:1363} INFO - Starting attempt 2 of 2
[2024-12-03T16:08:45.395+0000] {taskinstance.py:1364} INFO - 
--------------------------------------------------------------------------------
[2024-12-03T16:08:45.447+0000] {taskinstance.py:1383} INFO - Executing <Task(PythonOperator): fetch_weather> on 2023-11-12 00:00:00+00:00
[2024-12-03T16:08:45.464+0000] {standard_task_runner.py:55} INFO - Started process 1006 to run task
[2024-12-03T16:08:45.474+0000] {standard_task_runner.py:82} INFO - Running: ['***', 'tasks', 'run', 'weather_pipeline', 'fetch_weather', 'scheduled__2023-11-12T00:00:00+00:00', '--job-id', '101', '--raw', '--subdir', 'DAGS_FOLDER/weather_pipeline_dag.py', '--cfg-path', '/tmp/tmpdu5iuued']
[2024-12-03T16:08:45.476+0000] {standard_task_runner.py:83} INFO - Job 101: Subtask fetch_weather
[2024-12-03T16:08:45.662+0000] {task_command.py:376} INFO - Running <TaskInstance: weather_pipeline.fetch_weather scheduled__2023-11-12T00:00:00+00:00 [running]> on host d9969b900582
[2024-12-03T16:08:45.888+0000] {taskinstance.py:1592} INFO - Exporting the following env vars:
AIRFLOW_CTX_DAG_EMAIL=your_email@example.com
AIRFLOW_CTX_DAG_OWNER=your_name
AIRFLOW_CTX_DAG_ID=weather_pipeline
AIRFLOW_CTX_TASK_ID=fetch_weather
AIRFLOW_CTX_EXECUTION_DATE=2023-11-12T00:00:00+00:00
AIRFLOW_CTX_TRY_NUMBER=2
AIRFLOW_CTX_DAG_RUN_ID=scheduled__2023-11-12T00:00:00+00:00
[2024-12-03T16:08:45.894+0000] {taskinstance.py:1851} ERROR - Task failed with exception
Traceback (most recent call last):
  File "/home/airflow/.local/lib/python3.7/site-packages/airflow/operators/python.py", line 175, in execute
    return_value = self.execute_callable()
  File "/home/airflow/.local/lib/python3.7/site-packages/airflow/operators/python.py", line 193, in execute_callable
    return self.python_callable(*self.op_args, **self.op_kwargs)
  File "/opt/airflow/dags/weather_pipeline_dag.py", line 24, in fetch_weather
    import fetch_weather
ModuleNotFoundError: No module named 'fetch_weather'
[2024-12-03T16:08:45.928+0000] {taskinstance.py:1406} INFO - Marking task as FAILED. dag_id=weather_pipeline, task_id=fetch_weather, execution_date=20231112T000000, start_date=20241203T160845, end_date=20241203T160845
[2024-12-03T16:08:45.961+0000] {standard_task_runner.py:105} ERROR - Failed to execute job 101 for task fetch_weather (No module named 'fetch_weather'; 1006)
[2024-12-03T16:08:46.009+0000] {local_task_job.py:164} INFO - Task exited with return code 1
[2024-12-03T16:08:46.105+0000] {local_task_job.py:273} INFO - 0 downstream tasks scheduled from follow-on schedule check
