[2024-12-03T16:35:55.956+0000] {taskinstance.py:1165} INFO - Dependencies all met for <TaskInstance: weather_pipeline.fetch_weather scheduled__2024-02-04T00:00:00+00:00 [queued]>
[2024-12-03T16:35:55.981+0000] {taskinstance.py:1165} INFO - Dependencies all met for <TaskInstance: weather_pipeline.fetch_weather scheduled__2024-02-04T00:00:00+00:00 [queued]>
[2024-12-03T16:35:55.982+0000] {taskinstance.py:1362} INFO - 
--------------------------------------------------------------------------------
[2024-12-03T16:35:55.983+0000] {taskinstance.py:1363} INFO - Starting attempt 2 of 2
[2024-12-03T16:35:55.984+0000] {taskinstance.py:1364} INFO - 
--------------------------------------------------------------------------------
[2024-12-03T16:35:56.030+0000] {taskinstance.py:1383} INFO - Executing <Task(PythonOperator): fetch_weather> on 2024-02-04 00:00:00+00:00
[2024-12-03T16:35:56.047+0000] {standard_task_runner.py:55} INFO - Started process 2473 to run task
[2024-12-03T16:35:56.052+0000] {standard_task_runner.py:82} INFO - Running: ['***', 'tasks', 'run', 'weather_pipeline', 'fetch_weather', 'scheduled__2024-02-04T00:00:00+00:00', '--job-id', '266', '--raw', '--subdir', 'DAGS_FOLDER/weather_pipeline_dag.py', '--cfg-path', '/tmp/tmplvm4z3fw']
[2024-12-03T16:35:56.053+0000] {standard_task_runner.py:83} INFO - Job 266: Subtask fetch_weather
[2024-12-03T16:35:56.171+0000] {task_command.py:376} INFO - Running <TaskInstance: weather_pipeline.fetch_weather scheduled__2024-02-04T00:00:00+00:00 [running]> on host d9969b900582
[2024-12-03T16:35:56.295+0000] {taskinstance.py:1592} INFO - Exporting the following env vars:
AIRFLOW_CTX_DAG_EMAIL=your_email@example.com
AIRFLOW_CTX_DAG_OWNER=your_name
AIRFLOW_CTX_DAG_ID=weather_pipeline
AIRFLOW_CTX_TASK_ID=fetch_weather
AIRFLOW_CTX_EXECUTION_DATE=2024-02-04T00:00:00+00:00
AIRFLOW_CTX_TRY_NUMBER=2
AIRFLOW_CTX_DAG_RUN_ID=scheduled__2024-02-04T00:00:00+00:00
[2024-12-03T16:35:56.299+0000] {taskinstance.py:1851} ERROR - Task failed with exception
Traceback (most recent call last):
  File "/home/airflow/.local/lib/python3.7/site-packages/airflow/operators/python.py", line 175, in execute
    return_value = self.execute_callable()
  File "/home/airflow/.local/lib/python3.7/site-packages/airflow/operators/python.py", line 193, in execute_callable
    return self.python_callable(*self.op_args, **self.op_kwargs)
  File "/opt/airflow/dags/weather_pipeline_dag.py", line 24, in fetch_weather
    import fetch_weather
ModuleNotFoundError: No module named 'fetch_weather'
[2024-12-03T16:35:56.328+0000] {taskinstance.py:1406} INFO - Marking task as FAILED. dag_id=weather_pipeline, task_id=fetch_weather, execution_date=20240204T000000, start_date=20241203T163555, end_date=20241203T163556
[2024-12-03T16:35:56.351+0000] {standard_task_runner.py:105} ERROR - Failed to execute job 266 for task fetch_weather (No module named 'fetch_weather'; 2473)
[2024-12-03T16:35:56.387+0000] {local_task_job.py:164} INFO - Task exited with return code 1
[2024-12-03T16:35:56.434+0000] {local_task_job.py:273} INFO - 0 downstream tasks scheduled from follow-on schedule check
