[2024-12-03T16:41:17.826+0000] {taskinstance.py:1165} INFO - Dependencies all met for <TaskInstance: weather_pipeline.fetch_weather scheduled__2024-02-19T00:00:00+00:00 [queued]>
[2024-12-03T16:41:17.845+0000] {taskinstance.py:1165} INFO - Dependencies all met for <TaskInstance: weather_pipeline.fetch_weather scheduled__2024-02-19T00:00:00+00:00 [queued]>
[2024-12-03T16:41:17.845+0000] {taskinstance.py:1362} INFO - 
--------------------------------------------------------------------------------
[2024-12-03T16:41:17.846+0000] {taskinstance.py:1363} INFO - Starting attempt 2 of 2
[2024-12-03T16:41:17.847+0000] {taskinstance.py:1364} INFO - 
--------------------------------------------------------------------------------
[2024-12-03T16:41:17.871+0000] {taskinstance.py:1383} INFO - Executing <Task(PythonOperator): fetch_weather> on 2024-02-19 00:00:00+00:00
[2024-12-03T16:41:17.882+0000] {standard_task_runner.py:55} INFO - Started process 2764 to run task
[2024-12-03T16:41:17.886+0000] {standard_task_runner.py:82} INFO - Running: ['***', 'tasks', 'run', 'weather_pipeline', 'fetch_weather', 'scheduled__2024-02-19T00:00:00+00:00', '--job-id', '299', '--raw', '--subdir', 'DAGS_FOLDER/weather_pipeline_dag.py', '--cfg-path', '/tmp/tmpcsu5xydv']
[2024-12-03T16:41:17.887+0000] {standard_task_runner.py:83} INFO - Job 299: Subtask fetch_weather
[2024-12-03T16:41:17.984+0000] {task_command.py:376} INFO - Running <TaskInstance: weather_pipeline.fetch_weather scheduled__2024-02-19T00:00:00+00:00 [running]> on host d9969b900582
[2024-12-03T16:41:18.096+0000] {taskinstance.py:1592} INFO - Exporting the following env vars:
AIRFLOW_CTX_DAG_EMAIL=your_email@example.com
AIRFLOW_CTX_DAG_OWNER=your_name
AIRFLOW_CTX_DAG_ID=weather_pipeline
AIRFLOW_CTX_TASK_ID=fetch_weather
AIRFLOW_CTX_EXECUTION_DATE=2024-02-19T00:00:00+00:00
AIRFLOW_CTX_TRY_NUMBER=2
AIRFLOW_CTX_DAG_RUN_ID=scheduled__2024-02-19T00:00:00+00:00
[2024-12-03T16:41:18.099+0000] {taskinstance.py:1851} ERROR - Task failed with exception
Traceback (most recent call last):
  File "/home/airflow/.local/lib/python3.7/site-packages/airflow/operators/python.py", line 175, in execute
    return_value = self.execute_callable()
  File "/home/airflow/.local/lib/python3.7/site-packages/airflow/operators/python.py", line 193, in execute_callable
    return self.python_callable(*self.op_args, **self.op_kwargs)
  File "/opt/airflow/dags/weather_pipeline_dag.py", line 24, in fetch_weather
    import fetch_weather
ModuleNotFoundError: No module named 'fetch_weather'
[2024-12-03T16:41:18.120+0000] {taskinstance.py:1406} INFO - Marking task as FAILED. dag_id=weather_pipeline, task_id=fetch_weather, execution_date=20240219T000000, start_date=20241203T164117, end_date=20241203T164118
[2024-12-03T16:41:18.141+0000] {standard_task_runner.py:105} ERROR - Failed to execute job 299 for task fetch_weather (No module named 'fetch_weather'; 2764)
[2024-12-03T16:41:18.180+0000] {local_task_job.py:164} INFO - Task exited with return code 1
[2024-12-03T16:41:18.241+0000] {local_task_job.py:273} INFO - 0 downstream tasks scheduled from follow-on schedule check
