[2024-12-03T16:29:31.896+0000] {taskinstance.py:1165} INFO - Dependencies all met for <TaskInstance: weather_pipeline.fetch_weather scheduled__2024-01-09T00:00:00+00:00 [queued]>
[2024-12-03T16:29:31.928+0000] {taskinstance.py:1165} INFO - Dependencies all met for <TaskInstance: weather_pipeline.fetch_weather scheduled__2024-01-09T00:00:00+00:00 [queued]>
[2024-12-03T16:29:31.930+0000] {taskinstance.py:1362} INFO - 
--------------------------------------------------------------------------------
[2024-12-03T16:29:31.931+0000] {taskinstance.py:1363} INFO - Starting attempt 2 of 2
[2024-12-03T16:29:31.933+0000] {taskinstance.py:1364} INFO - 
--------------------------------------------------------------------------------
[2024-12-03T16:29:31.995+0000] {taskinstance.py:1383} INFO - Executing <Task(PythonOperator): fetch_weather> on 2024-01-09 00:00:00+00:00
[2024-12-03T16:29:32.020+0000] {standard_task_runner.py:55} INFO - Started process 2093 to run task
[2024-12-03T16:29:32.029+0000] {standard_task_runner.py:82} INFO - Running: ['***', 'tasks', 'run', 'weather_pipeline', 'fetch_weather', 'scheduled__2024-01-09T00:00:00+00:00', '--job-id', '219', '--raw', '--subdir', 'DAGS_FOLDER/weather_pipeline_dag.py', '--cfg-path', '/tmp/tmp9m1x4wc8']
[2024-12-03T16:29:32.031+0000] {standard_task_runner.py:83} INFO - Job 219: Subtask fetch_weather
[2024-12-03T16:29:32.205+0000] {task_command.py:376} INFO - Running <TaskInstance: weather_pipeline.fetch_weather scheduled__2024-01-09T00:00:00+00:00 [running]> on host d9969b900582
[2024-12-03T16:29:32.441+0000] {taskinstance.py:1592} INFO - Exporting the following env vars:
AIRFLOW_CTX_DAG_EMAIL=your_email@example.com
AIRFLOW_CTX_DAG_OWNER=your_name
AIRFLOW_CTX_DAG_ID=weather_pipeline
AIRFLOW_CTX_TASK_ID=fetch_weather
AIRFLOW_CTX_EXECUTION_DATE=2024-01-09T00:00:00+00:00
AIRFLOW_CTX_TRY_NUMBER=2
AIRFLOW_CTX_DAG_RUN_ID=scheduled__2024-01-09T00:00:00+00:00
[2024-12-03T16:29:32.447+0000] {taskinstance.py:1851} ERROR - Task failed with exception
Traceback (most recent call last):
  File "/home/airflow/.local/lib/python3.7/site-packages/airflow/operators/python.py", line 175, in execute
    return_value = self.execute_callable()
  File "/home/airflow/.local/lib/python3.7/site-packages/airflow/operators/python.py", line 193, in execute_callable
    return self.python_callable(*self.op_args, **self.op_kwargs)
  File "/opt/airflow/dags/weather_pipeline_dag.py", line 24, in fetch_weather
    import fetch_weather
ModuleNotFoundError: No module named 'fetch_weather'
[2024-12-03T16:29:32.486+0000] {taskinstance.py:1406} INFO - Marking task as FAILED. dag_id=weather_pipeline, task_id=fetch_weather, execution_date=20240109T000000, start_date=20241203T162931, end_date=20241203T162932
[2024-12-03T16:29:32.515+0000] {standard_task_runner.py:105} ERROR - Failed to execute job 219 for task fetch_weather (No module named 'fetch_weather'; 2093)
[2024-12-03T16:29:32.568+0000] {local_task_job.py:164} INFO - Task exited with return code 1
[2024-12-03T16:29:32.654+0000] {local_task_job.py:273} INFO - 0 downstream tasks scheduled from follow-on schedule check
