[2024-12-03T16:08:26.735+0000] {taskinstance.py:1165} INFO - Dependencies all met for <TaskInstance: weather_pipeline.fetch_weather scheduled__2023-11-05T00:00:00+00:00 [queued]>
[2024-12-03T16:08:26.769+0000] {taskinstance.py:1165} INFO - Dependencies all met for <TaskInstance: weather_pipeline.fetch_weather scheduled__2023-11-05T00:00:00+00:00 [queued]>
[2024-12-03T16:08:26.770+0000] {taskinstance.py:1362} INFO - 
--------------------------------------------------------------------------------
[2024-12-03T16:08:26.772+0000] {taskinstance.py:1363} INFO - Starting attempt 2 of 2
[2024-12-03T16:08:26.773+0000] {taskinstance.py:1364} INFO - 
--------------------------------------------------------------------------------
[2024-12-03T16:08:26.822+0000] {taskinstance.py:1383} INFO - Executing <Task(PythonOperator): fetch_weather> on 2023-11-05 00:00:00+00:00
[2024-12-03T16:08:26.838+0000] {standard_task_runner.py:55} INFO - Started process 972 to run task
[2024-12-03T16:08:26.847+0000] {standard_task_runner.py:82} INFO - Running: ['***', 'tasks', 'run', 'weather_pipeline', 'fetch_weather', 'scheduled__2023-11-05T00:00:00+00:00', '--job-id', '89', '--raw', '--subdir', 'DAGS_FOLDER/weather_pipeline_dag.py', '--cfg-path', '/tmp/tmp0h6er3ap']
[2024-12-03T16:08:26.848+0000] {standard_task_runner.py:83} INFO - Job 89: Subtask fetch_weather
[2024-12-03T16:08:27.033+0000] {task_command.py:376} INFO - Running <TaskInstance: weather_pipeline.fetch_weather scheduled__2023-11-05T00:00:00+00:00 [running]> on host d9969b900582
[2024-12-03T16:08:27.261+0000] {taskinstance.py:1592} INFO - Exporting the following env vars:
AIRFLOW_CTX_DAG_EMAIL=your_email@example.com
AIRFLOW_CTX_DAG_OWNER=your_name
AIRFLOW_CTX_DAG_ID=weather_pipeline
AIRFLOW_CTX_TASK_ID=fetch_weather
AIRFLOW_CTX_EXECUTION_DATE=2023-11-05T00:00:00+00:00
AIRFLOW_CTX_TRY_NUMBER=2
AIRFLOW_CTX_DAG_RUN_ID=scheduled__2023-11-05T00:00:00+00:00
[2024-12-03T16:08:27.267+0000] {taskinstance.py:1851} ERROR - Task failed with exception
Traceback (most recent call last):
  File "/home/airflow/.local/lib/python3.7/site-packages/airflow/operators/python.py", line 175, in execute
    return_value = self.execute_callable()
  File "/home/airflow/.local/lib/python3.7/site-packages/airflow/operators/python.py", line 193, in execute_callable
    return self.python_callable(*self.op_args, **self.op_kwargs)
  File "/opt/airflow/dags/weather_pipeline_dag.py", line 24, in fetch_weather
    import fetch_weather
ModuleNotFoundError: No module named 'fetch_weather'
[2024-12-03T16:08:27.350+0000] {taskinstance.py:1406} INFO - Marking task as FAILED. dag_id=weather_pipeline, task_id=fetch_weather, execution_date=20231105T000000, start_date=20241203T160826, end_date=20241203T160827
[2024-12-03T16:08:27.393+0000] {standard_task_runner.py:105} ERROR - Failed to execute job 89 for task fetch_weather (No module named 'fetch_weather'; 972)
[2024-12-03T16:08:27.463+0000] {local_task_job.py:164} INFO - Task exited with return code 1
[2024-12-03T16:08:27.585+0000] {local_task_job.py:273} INFO - 0 downstream tasks scheduled from follow-on schedule check
