[2024-12-03T16:19:45.705+0000] {taskinstance.py:1165} INFO - Dependencies all met for <TaskInstance: weather_pipeline.fetch_weather scheduled__2023-12-16T00:00:00+00:00 [queued]>
[2024-12-03T16:19:45.767+0000] {taskinstance.py:1165} INFO - Dependencies all met for <TaskInstance: weather_pipeline.fetch_weather scheduled__2023-12-16T00:00:00+00:00 [queued]>
[2024-12-03T16:19:45.782+0000] {taskinstance.py:1362} INFO - 
--------------------------------------------------------------------------------
[2024-12-03T16:19:45.786+0000] {taskinstance.py:1363} INFO - Starting attempt 2 of 2
[2024-12-03T16:19:45.789+0000] {taskinstance.py:1364} INFO - 
--------------------------------------------------------------------------------
[2024-12-03T16:19:46.203+0000] {taskinstance.py:1383} INFO - Executing <Task(PythonOperator): fetch_weather> on 2023-12-16 00:00:00+00:00
[2024-12-03T16:19:46.367+0000] {standard_task_runner.py:55} INFO - Started process 1561 to run task
[2024-12-03T16:19:46.511+0000] {standard_task_runner.py:82} INFO - Running: ['***', 'tasks', 'run', 'weather_pipeline', 'fetch_weather', 'scheduled__2023-12-16T00:00:00+00:00', '--job-id', '169', '--raw', '--subdir', 'DAGS_FOLDER/weather_pipeline_dag.py', '--cfg-path', '/tmp/tmpitpxb6ha']
[2024-12-03T16:19:46.560+0000] {standard_task_runner.py:83} INFO - Job 169: Subtask fetch_weather
[2024-12-03T16:19:47.330+0000] {task_command.py:376} INFO - Running <TaskInstance: weather_pipeline.fetch_weather scheduled__2023-12-16T00:00:00+00:00 [running]> on host d9969b900582
[2024-12-03T16:19:47.844+0000] {taskinstance.py:1592} INFO - Exporting the following env vars:
AIRFLOW_CTX_DAG_EMAIL=your_email@example.com
AIRFLOW_CTX_DAG_OWNER=your_name
AIRFLOW_CTX_DAG_ID=weather_pipeline
AIRFLOW_CTX_TASK_ID=fetch_weather
AIRFLOW_CTX_EXECUTION_DATE=2023-12-16T00:00:00+00:00
AIRFLOW_CTX_TRY_NUMBER=2
AIRFLOW_CTX_DAG_RUN_ID=scheduled__2023-12-16T00:00:00+00:00
[2024-12-03T16:19:47.861+0000] {taskinstance.py:1851} ERROR - Task failed with exception
Traceback (most recent call last):
  File "/home/airflow/.local/lib/python3.7/site-packages/airflow/operators/python.py", line 175, in execute
    return_value = self.execute_callable()
  File "/home/airflow/.local/lib/python3.7/site-packages/airflow/operators/python.py", line 193, in execute_callable
    return self.python_callable(*self.op_args, **self.op_kwargs)
  File "/opt/airflow/dags/weather_pipeline_dag.py", line 24, in fetch_weather
    import fetch_weather
ModuleNotFoundError: No module named 'fetch_weather'
[2024-12-03T16:19:47.915+0000] {taskinstance.py:1406} INFO - Marking task as FAILED. dag_id=weather_pipeline, task_id=fetch_weather, execution_date=20231216T000000, start_date=20241203T161945, end_date=20241203T161947
[2024-12-03T16:19:47.959+0000] {standard_task_runner.py:105} ERROR - Failed to execute job 169 for task fetch_weather (No module named 'fetch_weather'; 1561)
[2024-12-03T16:19:48.017+0000] {local_task_job.py:164} INFO - Task exited with return code 1
[2024-12-03T16:19:48.213+0000] {local_task_job.py:273} INFO - 0 downstream tasks scheduled from follow-on schedule check
